// Jest Snapshot v1, https://goo.gl/fbAQLP

exports[`About section should render correctly 1`] = `
<section
  className="sc-bdnxRM FnUsK"
  id="about"
>
  <h2
    className="numbered-heading"
  >
    About Me
  </h2>
  <div
    className="inner"
  >
    <div
      className="sc-gtsrHT fLKucx"
    >
      <div>
        <p>
          Hello! My name is Evgheni and I enjoy creating things that live on the internet. My interest in web development started back in 2013 when I decided to try making personal blog â€” turns out hacking together a custom reblog button taught me a lot about HTML & CSS!
        </p>
        <p>
          Here are a few technologies I've been working with recently:
        </p>
      </div>
      <ul
        className="skills-list"
      >
        <li>
          Node.js
        </li>
        <li>
          JavaScript (ES6+)
        </li>
        <li>
          Typescript
        </li>
        <li>
          Nest.js
        </li>
        <li>
          React
        </li>
        <li>
          Vue
        </li>
        <li>
          Angular
        </li>
        <li>
          Cypress
        </li>
        <li>
          Jest
        </li>
        <li>
          Docker
        </li>
      </ul>
    </div>
    <div
      className="sc-dlnjwi evobQn"
    >
      <div
        className="wrapper"
      >
        <img
          className="img"
          src={
            Object {
              "process": [Function],
            }
          }
        />
      </div>
    </div>
  </div>
</section>
`;
