// Jest Snapshot v1, https://goo.gl/fbAQLP

exports[`Contact section should render correctly 1`] = `
<section
  className="sc-bdnxRM hylKnQ"
  id="contact"
>
  <h2
    className="numbered-heading overline"
  >
    Whatâ€™s Next?
  </h2>
  <h2
    className="title"
  >
    Get In Touch
  </h2>
  <p>
    Although I'm not currently looking for any new opportunities, my inbox is always open. Whether you have a question or just want to say hi, I'll try my best to get back to you!
  </p>
  <a
    className="email-link"
    href="mailto:evgheni.calcutin@gmail.com"
  >
    Say Hello
  </a>
</section>
`;
